<html>
<body>
<pre>
<h1>µVision Build Log</h1>
<h2>Tool Versions:</h2>
IDE-Version: ¦ÌVision V5.14.0.0
Copyright (C) 2015 ARM Ltd and ARM Germany GmbH. All rights reserved.
License Information: sku ku, u, LIC=8MZI6-DNU8W-LVJ1I-TVV77-R67JY-CLQVS
 
Tool Versions:
Toolchain:       MDK-ARM Professional  Version: 5.14.0.0
Toolchain Path:  C:\Keil_v5\ARM\ARMCC\Bin
C Compiler:      Armcc.exe V5.05 update 1 (build 106)
Assembler:       Armasm.exe V5.05 update 1 (build 106)
Linker/Locator:  ArmLink.exe V5.05 update 1 (build 106)
Library Manager: ArmAr.exe V5.05 update 1 (build 106)
Hex Converter:   FromElf.exe V5.05 update 1 (build 106)
CPU DLL:         SARMCM3.DLL V5.14.0.0
Dialog DLL:      DCM.DLL V1.13.1.0
Target DLL:      CMSIS_AGDI.dll V1.21.0.0
Dialog DLL:      TCM.DLL V1.14.4.0
 
<h2>Project:</h2>
D:\Git\HWatch\HWatch.uvprojx
Project File Date:  08/29/2021

<h2>Output:</h2>
Build target 'HWatch Configuration'
compiling gui_usb.c...
.\Drivers\sysinfo.h(21): warning:  #1295-D: Deprecated declaration HWatchSysId_Get - give arg types
  ChipID HWatchSysId_Get();
User\Gui_App\gui_inc.h(130): warning:  #68-D: integer conversion resulted in a change of sign
        lv_anim_set_delay(a, -100);
User\Gui_App\gui_usb.c: 2 warnings, 0 errors
linking...
Program Size: Code=173364 RO-data=90320 RW-data=2028 ZI-data=108452  
FromELF: creating hex file...
".\Obj\HWatch.axf" - 0 Error(s), 2 Warning(s).

<h2>Collection of Component include folders:</h2>
  D:\Git\HWatch\RTE
  C:\Keil_v5\ARM\PACK\Keil\STM32F4xx_DFP\1.0.8\Device\Include

<h2>Collection of Component Files used:</h2>
</pre>
</body>
</html>
